  fuentesDeLuz.cpp
C:\Users\lilian\source\repos\Config_inicial\Config_inicial\fuentesDeLuz.cpp(194,24): warning C4244: 'inicializando': conversión de 'double' a 'GLfloat'; posible pérdida de datos
C:\Users\lilian\source\repos\Config_inicial\Config_inicial\fuentesDeLuz.cpp(233,20): warning C4244: '=': conversión de 'double' a 'T'; posible pérdida de datos
C:\Users\lilian\source\repos\Config_inicial\Config_inicial\fuentesDeLuz.cpp(233,20): warning C4244:         with
C:\Users\lilian\source\repos\Config_inicial\Config_inicial\fuentesDeLuz.cpp(233,20): warning C4244:         [
C:\Users\lilian\source\repos\Config_inicial\Config_inicial\fuentesDeLuz.cpp(233,20): warning C4244:             T=float
C:\Users\lilian\source\repos\Config_inicial\Config_inicial\fuentesDeLuz.cpp(233,20): warning C4244:         ]
C:\Users\lilian\source\repos\Config_inicial\Config_inicial\fuentesDeLuz.cpp(234,20): warning C4244: '=': conversión de 'double' a 'T'; posible pérdida de datos
C:\Users\lilian\source\repos\Config_inicial\Config_inicial\fuentesDeLuz.cpp(234,20): warning C4244:         with
C:\Users\lilian\source\repos\Config_inicial\Config_inicial\fuentesDeLuz.cpp(234,20): warning C4244:         [
C:\Users\lilian\source\repos\Config_inicial\Config_inicial\fuentesDeLuz.cpp(234,20): warning C4244:             T=float
C:\Users\lilian\source\repos\Config_inicial\Config_inicial\fuentesDeLuz.cpp(234,20): warning C4244:         ]
C:\Users\lilian\source\repos\Config_inicial\Config_inicial\fuentesDeLuz.cpp(235,20): warning C4244: '=': conversión de 'double' a 'T'; posible pérdida de datos
C:\Users\lilian\source\repos\Config_inicial\Config_inicial\fuentesDeLuz.cpp(235,20): warning C4244:         with
C:\Users\lilian\source\repos\Config_inicial\Config_inicial\fuentesDeLuz.cpp(235,20): warning C4244:         [
C:\Users\lilian\source\repos\Config_inicial\Config_inicial\fuentesDeLuz.cpp(235,20): warning C4244:             T=float
C:\Users\lilian\source\repos\Config_inicial\Config_inicial\fuentesDeLuz.cpp(235,20): warning C4244:         ]
C:\Users\lilian\source\repos\Config_inicial\Config_inicial\fuentesDeLuz.cpp(282,81): warning C4305: 'argumento': truncamiento de 'double' a 'GLfloat'
C:\Users\lilian\source\repos\Config_inicial\Config_inicial\fuentesDeLuz.cpp(476,11): warning C4244: '=': conversión de 'double' a 'GLfloat'; posible pérdida de datos
C:\Users\lilian\source\repos\Config_inicial\Config_inicial\fuentesDeLuz.cpp(477,11): warning C4244: '=': conversión de 'double' a 'GLfloat'; posible pérdida de datos
C:\Users\lilian\source\repos\Config_inicial\Config_inicial\fuentesDeLuz.cpp(481,18): warning C4244: 'inicializando': conversión de 'double' a 'GLfloat'; posible pérdida de datos
C:\Users\lilian\source\repos\Config_inicial\Config_inicial\fuentesDeLuz.cpp(482,18): warning C4244: 'inicializando': conversión de 'double' a 'GLfloat'; posible pérdida de datos
C:\Users\lilian\source\repos\Config_inicial\Config_inicial\fuentesDeLuz.cpp(484,10): warning C4244: '=': conversión de 'double' a 'GLfloat'; posible pérdida de datos
C:\Users\lilian\source\repos\Config_inicial\Config_inicial\fuentesDeLuz.cpp(485,10): warning C4244: '=': conversión de 'double' a 'GLfloat'; posible pérdida de datos
  Config_inicial.vcxproj -> C:\Users\lilian\source\repos\Config_inicial\Debug\Config_inicial.exe
